[    0.000000] Linux version 5.3.0-26-generic (buildd@lgw01-amd64-039) (gcc version 7.4.0 (Ubuntu 7.4.0-1ubuntu1~18.04.1)) #28~18.04.1-Ubuntu SMP Wed Dec 18 16:40:14 UTC 2019 (Ubuntu 5.3.0-26.28~18.04.1-generic 5.3.13)
[    0.000000] Command line: LABEL=cirros-rootfs ro console=tty1 console=ttyS0
[    0.000000] KERNEL supported cpus:
[    0.000000]   Intel GenuineIntel
[    0.000000]   AMD AuthenticAMD
[    0.000000]   Hygon HygonGenuine
[    0.000000]   Centaur CentaurHauls
[    0.000000]   zhaoxin   Shanghai  
[    0.000000] x86/fpu: Supporting XSAVE feature 0x001: 'x87 floating point registers'
[    0.000000] x86/fpu: Supporting XSAVE feature 0x002: 'SSE registers'
[    0.000000] x86/fpu: Supporting XSAVE feature 0x004: 'AVX registers'
[    0.000000] x86/fpu: Supporting XSAVE feature 0x020: 'AVX-512 opmask'
[    0.000000] x86/fpu: Supporting XSAVE feature 0x040: 'AVX-512 Hi256'
[    0.000000] x86/fpu: Supporting XSAVE feature 0x080: 'AVX-512 ZMM_Hi256'
[    0.000000] x86/fpu: Supporting XSAVE feature 0x200: 'Protection Keys User registers'
[    0.000000] x86/fpu: xstate_offset[2]:  576, xstate_sizes[2]:  256
[    0.000000] x86/fpu: xstate_offset[5]: 1088, xstate_sizes[5]:   64
[    0.000000] x86/fpu: xstate_offset[6]: 1152, xstate_sizes[6]:  512
[    0.000000] x86/fpu: xstate_offset[7]: 1664, xstate_sizes[7]: 1024
[    0.000000] x86/fpu: xstate_offset[9]: 2688, xstate_sizes[9]:    8
[    0.000000] x86/fpu: Enabled xstate features 0x2e7, context size is 2696 bytes, using 'standard' format.
[    0.000000] BIOS-provided physical RAM map:
[    0.000000] BIOS-e820: [mem 0x0000000000000000-0x000000000009fbff] usable
[    0.000000] BIOS-e820: [mem 0x000000000009fc00-0x000000000009ffff] reserved
[    0.000000] BIOS-e820: [mem 0x00000000000f0000-0x00000000000fffff] reserved
[    0.000000] BIOS-e820: [mem 0x0000000000100000-0x000000001ffdafff] usable
[    0.000000] BIOS-e820: [mem 0x000000001ffdb000-0x000000001fffffff] reserved
[    0.000000] BIOS-e820: [mem 0x00000000feffc000-0x00000000feffffff] reserved
[    0.000000] BIOS-e820: [mem 0x00000000fffc0000-0x00000000ffffffff] reserved
[    0.000000] NX (Execute Disable) protection: active
[    0.000000] SMBIOS 2.8 present.
[    0.000000] DMI: OpenStack Foundation OpenStack Nova, BIOS 1.13.0-1ubuntu1.1 04/01/2014
[    0.000000] Hypervisor detected: KVM
[    0.000000] kvm-clock: Using msrs 4b564d01 and 4b564d00
[    0.000001] kvm-clock: cpu 0, msr 19401001, primary cpu clock
[    0.000001] kvm-clock: using sched offset of 2952765140 cycles
[    0.000146] clocksource: kvm-clock: mask: 0xffffffffffffffff max_cycles: 0x1cd42e4dffb, max_idle_ns: 881590591483 ns
[    0.000294] tsc: Detected 2992.958 MHz processor
[    0.004056] last_pfn = 0x1ffdb max_arch_pfn = 0x400000000
[    0.005431] x86/PAT: Configuration [0-7]: WB  WC  UC- UC  WB  WP  UC- WT  
[    0.012982] found SMP MP-table at [mem 0x000f5c80-0x000f5c8f]
[    0.014721] check: Scanning 1 areas for low memory corruption
[    0.015544] RAMDISK: [mem 0x1f996000-0x1ffcafff]
[    0.015847] ACPI: Early table checksum verification disabled
[    0.016287] ACPI: RSDP 0x00000000000F5A90 000014 (v00 BOCHS )
[    0.016389] ACPI: RSDT 0x000000001FFE1504 00002C (v01 BOCHS  BXPCRSDT 00000001 BXPC 00000001)
[    0.016594] ACPI: FACP 0x000000001FFE1418 000074 (v01 BOCHS  BXPCFACP 00000001 BXPC 00000001)
[    0.016607] ACPI: DSDT 0x000000001FFE0040 0013D8 (v01 BOCHS  BXPCDSDT 00000001 BXPC 00000001)
[    0.016611] ACPI: FACS 0x000000001FFE0000 000040
[    0.016614] ACPI: APIC 0x000000001FFE148C 000078 (v01 BOCHS  BXPCAPIC 00000001 BXPC 00000001)
[    0.020221] No NUMA configuration found
[    0.020227] Faking a node at [mem 0x0000000000000000-0x000000001ffdafff]
[    0.020357] NODE_DATA(0) allocated [mem 0x1f96b000-0x1f995fff]
[    0.021019] Zone ranges:
[    0.021062]   DMA      [mem 0x0000000000001000-0x0000000000ffffff]
[    0.021103]   DMA32    [mem 0x0000000001000000-0x000000001ffdafff]
[    0.021107]   Normal   empty
[    0.021110]   Device   empty
[    0.021141] Movable zone start for each node
[    0.021148] Early memory node ranges
[    0.021149]   node   0: [mem 0x0000000000001000-0x000000000009efff]
[    0.021151]   node   0: [mem 0x0000000000100000-0x000000001ffdafff]
[    0.022859] Zeroed struct page in unavailable ranges: 98 pages
[    0.022865] Initmem setup node 0 [mem 0x0000000000001000-0x000000001ffdafff]
[    0.042489] ACPI: PM-Timer IO Port: 0x608
[    0.042816] ACPI: LAPIC_NMI (acpi_id[0xff] dfl dfl lint[0x1])
[    0.043266] IOAPIC[0]: apic_id 0, version 17, address 0xfec00000, GSI 0-23
[    0.043271] ACPI: INT_SRC_OVR (bus 0 bus_irq 0 global_irq 2 dfl dfl)
[    0.043308] ACPI: INT_SRC_OVR (bus 0 bus_irq 5 global_irq 5 high level)
[    0.043313] ACPI: INT_SRC_OVR (bus 0 bus_irq 9 global_irq 9 high level)
[    0.043392] ACPI: INT_SRC_OVR (bus 0 bus_irq 10 global_irq 10 high level)
[    0.043395] ACPI: INT_SRC_OVR (bus 0 bus_irq 11 global_irq 11 high level)
[    0.043444] Using ACPI (MADT) for SMP configuration information
[    0.043623] smpboot: Allowing 1 CPUs, 0 hotplug CPUs
[    0.044328] PM: Registered nosave memory: [mem 0x00000000-0x00000fff]
[    0.044336] PM: Registered nosave memory: [mem 0x0009f000-0x0009ffff]
[    0.044337] PM: Registered nosave memory: [mem 0x000a0000-0x000effff]
[    0.044338] PM: Registered nosave memory: [mem 0x000f0000-0x000fffff]
[    0.044349] [mem 0x20000000-0xfeffbfff] available for PCI devices
[    0.044388] Booting paravirtualized kernel on KVM
[    0.044548] clocksource: refined-jiffies: mask: 0xffffffff max_cycles: 0xffffffff, max_idle_ns: 7645519600211568 ns
[    0.044642] setup_percpu: NR_CPUS:8192 nr_cpumask_bits:1 nr_cpu_ids:1 nr_node_ids:1
[    0.047075] percpu: Embedded 54 pages/cpu s184320 r8192 d28672 u2097152
[    0.047395] KVM setup async PF for cpu 0
[    0.047466] kvm-stealtime: cpu 0, msr 1ec2c040
[    0.047707] Built 1 zonelists, mobility grouping on.  Total pages: 128868
[    0.047714] Policy zone: DMA32
[    0.047779] Kernel command line: LABEL=cirros-rootfs ro console=tty1 console=ttyS0
[    0.048209] Dentry cache hash table entries: 65536 (order: 7, 524288 bytes, linear)
[    0.048258] Inode-cache hash table entries: 32768 (order: 6, 262144 bytes, linear)
[    0.048733] mem auto-init: stack:off, heap alloc:on, heap free:off
[    0.050392] Memory: 474492K/523748K available (14339K kernel code, 2370K rwdata, 4668K rodata, 2660K init, 5076K bss, 49256K reserved, 0K cma-reserved)
[    0.053600] SLUB: HWalign=64, Order=0-3, MinObjects=0, CPUs=1, Nodes=1
[    0.054038] Kernel/User page tables isolation: enabled
[    0.054659] ftrace: allocating 42927 entries in 168 pages
[    0.161629] rcu: Hierarchical RCU implementation.
[    0.161685] rcu: 	RCU restricting CPUs from NR_CPUS=8192 to nr_cpu_ids=1.
[    0.161759] 	Tasks RCU enabled.
[    0.161764] rcu: RCU calculated value of scheduler-enlistment delay is 25 jiffies.
[    0.161766] rcu: Adjusting geometry for rcu_fanout_leaf=16, nr_cpu_ids=1
[    0.177253] NR_IRQS: 524544, nr_irqs: 256, preallocated irqs: 16
[    0.178197] random: crng done (trusting CPU's manufacturer)
[    0.285238] Console: colour VGA+ 80x25
[    0.562002] printk: console [tty1] enabled
[    1.386518] printk: console [ttyS0] enabled
[    1.392218] ACPI: Core revision 20190703
[    1.397881] APIC: Switch to symmetric I/O mode setup
[    1.406843] x2apic enabled
[    1.414053] Switched APIC routing to physical x2apic.
[    1.432963] clocksource: tsc-early: mask: 0xffffffffffffffff max_cycles: 0x2b244986b19, max_idle_ns: 440795350179 ns
[    1.446823] Calibrating delay loop (skipped) preset value.. 5985.91 BogoMIPS (lpj=11971832)
[    1.450773] pid_max: default: 32768 minimum: 301
[    1.450773] LSM: Security Framework initializing
[    1.450773] Yama: becoming mindful.
[    1.450773] AppArmor: AppArmor initialized
[    1.450773] Mount-cache hash table entries: 1024 (order: 1, 8192 bytes, linear)
[    1.450773] Mountpoint-cache hash table entries: 1024 (order: 1, 8192 bytes, linear)
[    1.450773] *** VALIDATE proc ***
[    1.450773] *** VALIDATE cgroup1 ***
[    1.450773] *** VALIDATE cgroup2 ***
[    1.450773] Last level iTLB entries: 4KB 0, 2MB 0, 4MB 0
[    1.450773] Last level dTLB entries: 4KB 0, 2MB 0, 4MB 0, 1GB 0
[    1.450773] Spectre V1 : Mitigation: usercopy/swapgs barriers and __user pointer sanitization
[    1.450773] Spectre V2 : Mitigation: Full generic retpoline
[    1.450773] Spectre V2 : Spectre v2 / SpectreRSB mitigation: Filling RSB on context switch
[    1.450773] Spectre V2 : Enabling Restricted Speculation for firmware calls
[    1.450773] Spectre V2 : mitigation: Enabling conditional Indirect Branch Prediction Barrier
[    1.450773] Speculative Store Bypass: Mitigation: Speculative Store Bypass disabled via prctl and seccomp
[    1.450773] MDS: Mitigation: Clear CPU buffers
[    1.450773] TAA: Mitigation: Clear CPU buffers
[    1.450773] Freeing SMP alternatives memory: 40K
[    1.450773] smpboot: CPU0: Intel Xeon Processor (Cascadelake) (family: 0x6, model: 0x55, stepping: 0x6)
[    1.453581] Performance Events: unsupported p6 CPU model 85 no PMU driver, software events only.
[    1.455425] rcu: Hierarchical SRCU implementation.
[    1.464981] NMI watchdog: Perf NMI watchdog permanently disabled
[    1.467209] smp: Bringing up secondary CPUs ...
[    1.470809] smp: Brought up 1 node, 1 CPU
[    1.474814] smpboot: Max logical packages: 1
[    1.478803] smpboot: Total of 1 processors activated (5985.91 BogoMIPS)
[    1.484932] devtmpfs: initialized
[    1.487576] x86/mm: Memory block size: 128MB
[    1.493403] clocksource: jiffies: mask: 0xffffffff max_cycles: 0xffffffff, max_idle_ns: 7645041785100000 ns
[    1.495020] futex hash table entries: 256 (order: 2, 16384 bytes, linear)
[    1.499033] pinctrl core: initialized pinctrl subsystem
[    1.503994] PM: RTC time: 16:35:43, date: 2021-04-03
[    1.508289] NET: Registered protocol family 16
[    1.511373] audit: initializing netlink subsys (disabled)
[    1.516075] EISA bus registered
[    1.518841] audit: type=2000 audit(1617467743.235:1): state=initialized audit_enabled=0 res=1
[    1.522812] cpuidle: using governor ladder
[    1.526813] cpuidle: using governor menu
[    1.531084] ACPI: bus type PCI registered
[    1.534821] acpiphp: ACPI Hot Plug PCI Controller Driver version: 0.5
[    1.540167] PCI: Using configuration type 1 for base access
[    1.548976] HugeTLB registered 2.00 MiB page size, pre-allocated 0 pages
[    1.566280] ACPI: Added _OSI(Module Device)
[    1.566850] ACPI: Added _OSI(Processor Device)
[    1.570805] ACPI: Added _OSI(3.0 _SCP Extensions)
[    1.574803] ACPI: Added _OSI(Processor Aggregator Device)
[    1.579078] ACPI: Added _OSI(Linux-Dell-Video)
[    1.582915] ACPI: Added _OSI(Linux-Lenovo-NV-HDMI-Audio)
[    1.586811] ACPI: Added _OSI(Linux-HPI-Hybrid-Graphics)
[    1.592149] ACPI: 1 ACPI AML tables successfully acquired and loaded
[    1.597149] ACPI: Interpreter enabled
[    1.598830] ACPI: (supports S0 S3 S4 S5)
[    1.602815] ACPI: Using IOAPIC for interrupt routing
[    1.606900] PCI: Using host bridge windows from ACPI; if necessary, use "pci=nocrs" and report a bug
[    1.611223] ACPI: Enabled 2 GPEs in block 00 to 0F
[    1.618699] ACPI: PCI Root Bridge [PCI0] (domain 0000 [bus 00-ff])
[    1.618829] acpi PNP0A03:00: _OSC: OS supports [ASPM ClockPM Segments MSI HPX-Type3]
[    1.622839] acpi PNP0A03:00: fail to add MMCONFIG information, can't access extended PCI configuration space under this bridge.
[    1.627500] acpiphp: Slot [3] registered
[    1.630891] acpiphp: Slot [4] registered
[    1.634894] acpiphp: Slot [5] registered
[    1.638896] acpiphp: Slot [6] registered
[    1.642938] acpiphp: Slot [7] registered
[    1.646886] acpiphp: Slot [8] registered
[    1.650889] acpiphp: Slot [9] registered
[    1.654886] acpiphp: Slot [10] registered
[    1.658912] acpiphp: Slot [11] registered
[    1.662887] acpiphp: Slot [12] registered
[    1.666887] acpiphp: Slot [13] registered
[    1.670887] acpiphp: Slot [14] registered
[    1.674886] acpiphp: Slot [15] registered
[    1.678886] acpiphp: Slot [16] registered
[    1.682889] acpiphp: Slot [17] registered
[    1.686888] acpiphp: Slot [18] registered
[    1.690889] acpiphp: Slot [19] registered
[    1.694887] acpiphp: Slot [20] registered
[    1.698897] acpiphp: Slot [21] registered
[    1.702892] acpiphp: Slot [22] registered
[    1.706889] acpiphp: Slot [23] registered
[    1.710886] acpiphp: Slot [24] registered
[    1.714889] acpiphp: Slot [25] registered
[    1.718886] acpiphp: Slot [26] registered
[    1.722886] acpiphp: Slot [27] registered
[    1.726922] acpiphp: Slot [28] registered
[    1.730890] acpiphp: Slot [29] registered
[    1.737193] acpiphp: Slot [30] registered
[    1.738891] acpiphp: Slot [31] registered
[    1.742985] PCI host bridge to bus 0000:00
[    1.746833] pci_bus 0000:00: root bus resource [io  0x0000-0x0cf7 window]
[    1.750805] pci_bus 0000:00: root bus resource [io  0x0d00-0xffff window]
[    1.754809] pci_bus 0000:00: root bus resource [mem 0x000a0000-0x000bffff window]
[    1.758804] pci_bus 0000:00: root bus resource [mem 0x20000000-0xfebfffff window]
[    1.762804] pci_bus 0000:00: root bus resource [mem 0x100000000-0x17fffffff window]
[    1.766804] pci_bus 0000:00: root bus resource [bus 00-ff]
[    1.771165] pci 0000:00:00.0: [8086:1237] type 00 class 0x060000
[    1.790737] pci 0000:00:01.0: [8086:7000] type 00 class 0x060100
[    1.796417] pci 0000:00:01.1: [8086:7010] type 00 class 0x010180
[    1.808135] pci 0000:00:01.1: reg 0x20: [io  0xc120-0xc12f]
[    1.812842] pci 0000:00:01.1: legacy IDE quirk: reg 0x10: [io  0x01f0-0x01f7]
[    1.814808] pci 0000:00:01.1: legacy IDE quirk: reg 0x14: [io  0x03f6]
[    1.818804] pci 0000:00:01.1: legacy IDE quirk: reg 0x18: [io  0x0170-0x0177]
[    1.822804] pci 0000:00:01.1: legacy IDE quirk: reg 0x1c: [io  0x0376]
[    1.828180] pci 0000:00:01.2: [8086:7020] type 00 class 0x0c0300
[    1.839089] pci 0000:00:01.2: reg 0x20: [io  0xc0c0-0xc0df]
[    1.848580] pci 0000:00:01.3: [8086:7113] type 00 class 0x068000
[    1.858080] pci 0000:00:01.3: quirk: [io  0x0600-0x063f] claimed by PIIX4 ACPI
[    1.858876] pci 0000:00:01.3: quirk: [io  0x0700-0x070f] claimed by PIIX4 SMB
[    1.867027] pci 0000:00:01.3: quirk_piix4_acpi+0x0/0x160 took 11718 usecs
[    1.880033] pci 0000:00:02.0: [1013:00b8] type 00 class 0x030000
[    1.889340] pci 0000:00:02.0: reg 0x10: [mem 0xfc000000-0xfdffffff pref]
[    1.894493] pci 0000:00:02.0: reg 0x14: [mem 0xfeb90000-0xfeb90fff]
[    1.907903] pci 0000:00:02.0: reg 0x30: [mem 0xfeb80000-0xfeb8ffff pref]
[    1.928374] pci 0000:00:03.0: [1af4:1000] type 00 class 0x020000
[    1.933143] pci 0000:00:03.0: reg 0x10: [io  0xc080-0xc0bf]
[    1.936113] pci 0000:00:03.0: reg 0x14: [mem 0xfeb91000-0xfeb91fff]
[    1.942805] pci 0000:00:03.0: reg 0x20: [mem 0xfe000000-0xfe003fff 64bit pref]
[    1.948192] pci 0000:00:03.0: reg 0x30: [mem 0xfeb00000-0xfeb7ffff pref]
[    1.963672] pci 0000:00:04.0: [1af4:1001] type 00 class 0x010000
[    1.969173] pci 0000:00:04.0: reg 0x10: [io  0xc000-0xc07f]
[    1.972043] pci 0000:00:04.0: reg 0x14: [mem 0xfeb92000-0xfeb92fff]
[    1.978807] pci 0000:00:04.0: reg 0x20: [mem 0xfe004000-0xfe007fff 64bit pref]
[    1.997276] pci 0000:00:05.0: [1af4:1002] type 00 class 0x00ff00
[    2.000689] pci 0000:00:05.0: reg 0x10: [io  0xc0e0-0xc0ff]
[    2.006806] pci 0000:00:05.0: reg 0x20: [mem 0xfe008000-0xfe00bfff 64bit pref]
[    2.024791] pci 0000:00:06.0: [1af4:1005] type 00 class 0x00ff00
[    2.028791] pci 0000:00:06.0: reg 0x10: [io  0xc100-0xc11f]
[    2.037396] pci 0000:00:06.0: reg 0x20: [mem 0xfe00c000-0xfe00ffff 64bit pref]
[    2.226770] ACPI: PCI Interrupt Link [LNKA] (IRQs 5 *10 11)
[    2.231201] ACPI: PCI Interrupt Link [LNKB] (IRQs 5 *10 11)
[    2.235166] ACPI: PCI Interrupt Link [LNKC] (IRQs 5 10 *11)
[    2.239205] ACPI: PCI Interrupt Link [LNKD] (IRQs 5 10 *11)
[    2.243064] ACPI: PCI Interrupt Link [LNKS] (IRQs *9)
[    2.263878] SCSI subsystem initialized
[    2.269523] pci 0000:00:02.0: vgaarb: setting as boot VGA device
[    2.270773] pci 0000:00:02.0: vgaarb: VGA device added: decodes=io+mem,owns=io+mem,locks=none
[    2.270835] pci 0000:00:02.0: vgaarb: bridge control possible
[    2.274804] vgaarb: loaded
[    2.279765] ACPI: bus type USB registered
[    2.283382] usbcore: registered new interface driver usbfs
[    2.286992] usbcore: registered new interface driver hub
[    2.290968] usbcore: registered new device driver usb
[    2.295625] pps_core: LinuxPPS API ver. 1 registered
[    2.298810] pps_core: Software ver. 5.3.6 - Copyright 2005-2007 Rodolfo Giometti <giometti@linux.it>
[    2.302909] PTP clock support registered
[    2.308011] EDAC MC: Ver: 3.0.0
[    2.316123] PCI: Using ACPI for IRQ routing
[    2.325340] NetLabel: Initializing
[    2.326812] NetLabel:  domain hash size = 128
[    2.330801] NetLabel:  protocols = UNLABELED CIPSOv4 CALIPSO
[    2.335103] NetLabel:  unlabeled traffic allowed by default
[    2.341977] clocksource: Switched to clocksource kvm-clock
[    2.409082] VFS: Disk quotas dquot_6.6.0
[    2.415406] VFS: Dquot-cache hash table entries: 512 (order 0, 4096 bytes)
[    2.425087] *** VALIDATE hugetlbfs ***
[    2.432147] AppArmor: AppArmor Filesystem Enabled
[    2.439312] pnp: PnP ACPI init
[    2.446450] pnp: PnP ACPI: found 5 devices
[    2.462644] thermal_sys: Registered thermal governor 'fair_share'
[    2.462646] thermal_sys: Registered thermal governor 'bang_bang'
[    2.472734] thermal_sys: Registered thermal governor 'step_wise'
[    2.481744] thermal_sys: Registered thermal governor 'user_space'
[    2.490073] thermal_sys: Registered thermal governor 'power_allocator'
[    2.503924] clocksource: acpi_pm: mask: 0xffffff max_cycles: 0xffffff, max_idle_ns: 2085701024 ns
[    2.524401] pci_bus 0000:00: resource 4 [io  0x0000-0x0cf7 window]
[    2.532640] pci_bus 0000:00: resource 5 [io  0x0d00-0xffff window]
[    2.540878] pci_bus 0000:00: resource 6 [mem 0x000a0000-0x000bffff window]
[    2.550019] pci_bus 0000:00: resource 7 [mem 0x20000000-0xfebfffff window]
[    2.558989] pci_bus 0000:00: resource 8 [mem 0x100000000-0x17fffffff window]
[    2.569076] NET: Registered protocol family 2
[    2.577804] tcp_listen_portaddr_hash hash table entries: 256 (order: 0, 4096 bytes, linear)
[    2.588763] TCP established hash table entries: 4096 (order: 3, 32768 bytes, linear)
[    2.598985] TCP bind hash table entries: 4096 (order: 4, 65536 bytes, linear)
[    2.608348] TCP: Hash tables configured (established 4096 bind 4096)
[    2.617225] UDP hash table entries: 256 (order: 1, 8192 bytes, linear)
[    2.625803] UDP-Lite hash table entries: 256 (order: 1, 8192 bytes, linear)
[    2.635651] NET: Registered protocol family 1
[    2.642082] NET: Registered protocol family 44
[    2.648400] pci 0000:00:01.0: PIIX3: Enabling Passive Release
[    2.656316] pci 0000:00:00.0: Limiting direct PCI/PCI transfers
[    2.675930] pci 0000:00:00.0: quirk_natoma+0x0/0x30 took 18790 usecs
[    2.687041] pci 0000:00:01.0: Activating ISA DMA hang workarounds
[    2.713296] PCI Interrupt Link [LNKD] enabled at IRQ 11
[    2.738678] pci 0000:00:01.2: quirk_usb_early_handoff+0x0/0x6a0 took 42460 usecs
[    2.748650] pci 0000:00:02.0: Video device with shadowed ROM at [mem 0x000c0000-0x000dffff]
[    2.759480] pci 0000:00:02.0: pci_fixup_video+0x0/0x110 took 10755 usecs
[    2.768660] PCI: CLS 0 bytes, default 64
[    2.775565] Trying to unpack rootfs image as initramfs...
[    2.969177] Freeing initrd memory: 6356K
[    2.976474] clocksource: tsc: mask: 0xffffffffffffffff max_cycles: 0x2b244986b19, max_idle_ns: 440795350179 ns
[    2.989931] check: Scanning for low memory corruption every 60 seconds
[    3.011230] Initialise system trusted keyrings
[    3.017587] Key type blacklist registered
[    3.023428] workingset: timestamp_bits=36 max_order=17 bucket_order=0
[    3.049122] zbud: loaded
[    3.059205] squashfs: version 4.0 (2009/01/31) Phillip Lougher
[    3.068893] fuse: init (API version 7.31)
[    3.079955] Platform Keyring initialized
[    3.091880] Key type asymmetric registered
[    3.097781] Asymmetric key parser 'x509' registered
[    3.104737] Block layer SCSI generic (bsg) driver version 0.4 loaded (major 244)
[    3.115355] io scheduler mq-deadline registered
[    3.123921] shpchp: Standard Hot Plug PCI Controller Driver version: 0.4
[    3.134483] input: Power Button as /devices/LNXSYSTM:00/LNXPWRBN:00/input/input0
[    3.145753] ACPI: Power Button [PWRF]
[    3.174963] PCI Interrupt Link [LNKC] enabled at IRQ 10
[    3.232154] PCI Interrupt Link [LNKA] enabled at IRQ 10
[    3.264093] PCI Interrupt Link [LNKB] enabled at IRQ 11
[    3.283472] Serial: 8250/16550 driver, 32 ports, IRQ sharing enabled
[    3.332874] 00:04: ttyS0 at I/O 0x3f8 (irq = 4, base_baud = 115200) is a 16550A
[    3.352597] Linux agpgart interface v0.103
[    3.388064] loop: module loaded
[    3.399778] scsi host0: ata_piix
[    3.406048] scsi host1: ata_piix
[    3.411199] ata1: PATA max MWDMA2 cmd 0x1f0 ctl 0x3f6 bmdma 0xc120 irq 14
[    3.420029] ata2: PATA max MWDMA2 cmd 0x170 ctl 0x376 bmdma 0xc128 irq 15
[    3.432801] libphy: Fixed MDIO Bus: probed
[    3.438599] tun: Universal TUN/TAP device driver, 1.6
[    3.448055] PPP generic driver version 2.4.2
[    3.454410] ehci_hcd: USB 2.0 'Enhanced' Host Controller (EHCI) Driver
[    3.462926] ehci-pci: EHCI PCI platform driver
[    3.469280] ehci-platform: EHCI generic platform driver
[    3.476507] ohci_hcd: USB 1.1 'Open' Host Controller (OHCI) Driver
[    3.484731] ohci-pci: OHCI PCI platform driver
[    3.493676] ohci-platform: OHCI generic platform driver
[    3.500974] uhci_hcd: USB Universal Host Controller Interface driver
[    3.529389] uhci_hcd 0000:00:01.2: UHCI Host Controller
[    3.536834] uhci_hcd 0000:00:01.2: new USB bus registered, assigned bus number 1
[    3.546924] uhci_hcd 0000:00:01.2: detected 2 ports
[    3.554694] uhci_hcd 0000:00:01.2: irq 11, io base 0x0000c0c0
[    3.563567] usb usb1: New USB device found, idVendor=1d6b, idProduct=0001, bcdDevice= 5.03
[    3.575604] usb usb1: New USB device strings: Mfr=3, Product=2, SerialNumber=1
[    3.585627] usb usb1: Product: UHCI Host Controller
[    3.592402] usb usb1: Manufacturer: Linux 5.3.0-26-generic uhci_hcd
[    3.600924] usb usb1: SerialNumber: 0000:00:01.2
[    3.610717] hub 1-0:1.0: USB hub found
[    3.616270] hub 1-0:1.0: 2 ports detected
[    3.623927] i8042: PNP: PS/2 Controller [PNP0303:KBD,PNP0f13:MOU] at 0x60,0x64 irq 1,12
[    3.640974] serio: i8042 KBD port at 0x60,0x64 irq 1
[    3.648187] serio: i8042 AUX port at 0x60,0x64 irq 12
[    3.656425] mousedev: PS/2 mouse device common for all mice
[    3.666421] input: AT Translated Set 2 keyboard as /devices/platform/i8042/serio0/input/input1
[    3.679199] rtc_cmos 00:00: RTC can wake from S4
[    3.689426] rtc_cmos 00:00: registered as rtc0
[    3.697074] rtc_cmos 00:00: alarms up to one day, y3k, 114 bytes nvram
[    3.705844] i2c /dev entries driver
[    3.711459] device-mapper: uevent: version 1.0.3
[    3.718598] device-mapper: ioctl: 4.40.0-ioctl (2019-01-18) initialised: dm-devel@redhat.com
[    3.730378] platform eisa.0: Probing EISA bus 0
[    3.736874] platform eisa.0: EISA: Cannot allocate resource for mainboard
[    3.746046] platform eisa.0: Cannot allocate resource for EISA slot 1
[    3.754638] platform eisa.0: Cannot allocate resource for EISA slot 2
[    3.764340] platform eisa.0: Cannot allocate resource for EISA slot 3
[    3.774387] platform eisa.0: Cannot allocate resource for EISA slot 4
[    3.784112] platform eisa.0: Cannot allocate resource for EISA slot 5
[    3.794012] platform eisa.0: Cannot allocate resource for EISA slot 6
[    3.802671] platform eisa.0: Cannot allocate resource for EISA slot 7
[    3.811411] platform eisa.0: Cannot allocate resource for EISA slot 8
[    3.820309] platform eisa.0: EISA: Detected 0 cards
[    3.829386] intel_pstate: CPU model not supported
[    3.836727] ledtrig-cpu: registered to indicate activity on CPUs
[    3.849661] NET: Registered protocol family 10
[    3.869725] Segment Routing with IPv6
[    3.875630] NET: Registered protocol family 17
[    3.882356] Key type dns_resolver registered
[    3.889886] RAS: Correctable Errors collector initialized.
[    3.898854] registered taskstats version 1
[    3.905958] Loading compiled-in X.509 certificates
[    3.916985] Loaded X.509 cert 'Build time autogenerated kernel key: 8098f9b3401d48cb244b138af0c5bac131caef8a'
[    3.931723] zswap: loaded using pool lzo/zbud
[    3.962746] Key type big_key registered
[    3.968554] usb 1-1: new full-speed USB device number 2 using uhci_hcd
[    3.983819] Key type encrypted registered
[    3.990156] AppArmor: AppArmor sha1 policy hashing enabled
[    4.003730] ima: No TPM chip found, activating TPM-bypass!
[    4.011411] ima: Allocated hash algorithm: sha1
[    4.018160] No architecture policies found
[    4.024485] evm: Initialising EVM extended attributes:
[    4.031715] evm: security.selinux
[    4.036711] evm: security.SMACK64
[    4.041717] evm: security.SMACK64EXEC
[    4.047055] evm: security.SMACK64TRANSMUTE
[    4.053049] evm: security.SMACK64MMAP
[    4.058407] evm: security.apparmor
[    4.063432] evm: security.ima
[    4.068078] evm: security.capability
[    4.073498] evm: HMAC attrs: 0x1
[    4.083546] PM:   Magic number: 1:937:589
[    4.091284] rtc_cmos 00:00: setting system clock to 2021-04-03T16:35:47 UTC (1617467747)
[    4.103828] Unstable clock detected, switching default tracing clock to "global"
[    4.103828] If you want to keep using the local clock, then add:
[    4.103828]   "trace_clock=local"
[    4.103828] on the kernel command line
[    4.147439] Freeing unused decrypted memory: 2040K
[    4.167726] Freeing unused kernel image memory: 2660K
[    4.174964] Write protecting the kernel read-only data: 22528k
[    4.203555] Freeing unused kernel image memory: 2008K
[    4.230132] Freeing unused kernel image memory: 1476K
[    4.250493] x86/mm: Checked W+X mappings: passed, no W+X pages found.
[    4.259699] x86/mm: Checking user space page tables
[    4.274419] x86/mm: Checked W+X mappings: passed, no W+X pages found.
[    4.283390] Run /init as init process
[    4.289058] usb 1-1: New USB device found, idVendor=0627, idProduct=0001, bcdDevice= 0.00
[    4.300098] usb 1-1: New USB device strings: Mfr=1, Product=3, SerialNumber=10
[    4.309820] usb 1-1: Product: QEMU USB Tablet
[    4.316031] usb 1-1: Manufacturer: QEMU
[    4.321586] usb 1-1: SerialNumber: 28754-0000:00:01.2-1

info: initramfs: up at 3.08
[    4.433757] virtio_blk virtio1: [vda] 2097152 512-byte logical blocks (1.07 GB/1.00 GiB)
[    4.454663] GPT:Primary header thinks Alt. header is not at the end of the disk.
[    4.472934] GPT:229375 != 2097151
[    4.478188] GPT:Alternate GPT header not at the end of the disk.
[    4.486323] GPT:229375 != 2097151
[    4.491262] GPT: Use GNU Parted to correct GPT errors.
currently loaded modules: 8139cp 8390 9pnet 9pnet_virtio drm drm_kms_helper e1000 failover fb_sys_fops hid hid_generic ip_tables isofs mii ne2k_pci net_failover nls_ascii nls_iso8859_1 nls_utf8 pcnet32 qemu_fw_cfg syscopyarea sysfillrect sysimgblt ttm usbhid virtio_blk virtio_gpu virtio_input virtio_net virtio_rng virtio_scsi x_tables 
info: copying initramfs to /dev/vda1
info: initramfs loading root from /dev/vda1
info: /etc/init.d/rc.sysinit: up at 4.67
info: container: none
currently loaded modules: 8139cp 8390 9pnet 9pnet_virtio drm drm_kms_helper e1000 failover fb_sys_fops hid hid_generic ip_tables isofs mii ne2k_pci net_failover nls_ascii nls_iso8859_1 nls_utf8 pcnet32 qemu_fw_cfg syscopyarea sysfillrect sysimgblt ttm usbhid virtio_blk virtio_gpu virtio_input virtio_net virtio_rng virtio_scsi x_tables 
Initializing random number generator... done.
Starting acpid: OK
Starting network: udhcpc: started, v1.29.3
udhcpc: sending discover
udhcpc: sending select for 10.0.0.192
udhcpc: lease of 10.0.0.192 obtained, lease time 86400
route: SIOCADDRT: File exists
WARN: failed: route add -net "0.0.0.0/0" gw "10.0.0.1"
OK
checking http://169.254.169.254/2009-04-04/instance-id
successful after 1/20 tries: up 5.05. iid=i-00000002
failed to get http://169.254.169.254/2009-04-04/user-data
warning: no ec2 metadata for user-data
Top of dropbear init script
Starting dropbear sshd: OK
GROWROOT: CHANGED: partition=1 start=18432 old: size=210911 end=229343 new: size=2078687,end=2097119
/run/cirros/datasource/data/user-data was not '#!' or executable
/dev/root resized successfully [took 1.37s]
=== system information ===
Platform: OpenStack Foundation OpenStack Nova
Container: none
Arch: x86_64
CPU(s): 1 @ 2992.958 MHz
Cores/Sockets/Threads: 1/1/1
Virt-type: VT-x
RAM Size: 477MB
Disks:
NAME  MAJ:MIN       SIZE LABEL         MOUNTPOINT
vda   252:0   1073741824               
vda1  252:1   1064287744 cirros-rootfs /
vda15 252:15     8388608               
=== sshd host keys ===
-----BEGIN SSH HOST KEY KEYS-----
ssh-rsa AAAAB3NzaC1yc2EAAAADAQABAAABAQCwopTsKc6CIChGaIS8XDo42HPy8wRgDI4YZd5OlUobklk/1WtVSUtBtSTd3iZtNmFOwvRdIWupiJjqn0tcWSDmDacCkG70Vglw6Aal68BEbbUSBHjMTbfFZZ54idIkTFQex8XSNfnN1uh5lwMRboMVAVKiNIZ6hve/nI9FM/JXhiuYoLy31+NBAWZDCGLx875x1icT5fvDGvFzdvBHYiRSaHt2EvqnxPOgi5PeaH/5ibc3dmN7swkdQs1SzI1kCFo0MVe591al0e9hueBJhWJD+cF4zu6y4KXYe8AJxdS+0XiQUNvcHSCLhLzwmfVhS4UvBmE0u1SDRjMtiQ6a50bP root@demo2
ecdsa-sha2-nistp256 AAAAE2VjZHNhLXNoYTItbmlzdHAyNTYAAAAIbmlzdHAyNTYAAABBBK5grQt7P3NTrX0PH756JGxPDEPA4I1sGGUZh9xbfA6QNohxnyo9/faBmHvz2L+Ypt8p9NlfqR4OWiM/PGvsaDg= root@demo2
-----END SSH HOST KEY KEYS-----
=== network info ===
if-info: lo,up,127.0.0.1,8,,
if-info: eth0,up,10.0.0.192,24,fe80::f816:3eff:fe89:6be4/64,
ip-route:default via 10.0.0.1 dev eth0 
ip-route:10.0.0.0/24 dev eth0 scope link  src 10.0.0.192 
ip-route:169.254.169.254 via 10.0.0.2 dev eth0 
ip-route6:fe80::/64 dev eth0  metric 256 
ip-route6:ff00::/8 dev eth0  metric 256 
=== datasource: ec2 net ===
instance-id: i-00000002
name: N/A
availability-zone: nova
local-hostname: demo2.novalocal
launch-index: 0
=== cirros: current=0.5.1 uptime=11.19 ===
  ____               ____  ____
 / __/ __ ____ ____ / __ \/ __/
/ /__ / // __// __// /_/ /\ \ 
\___//_//_/  /_/   \____/___/ 
   http://cirros-cloud.net


login as 'cirros' user. default password: 'gocubsgo'. use 'sudo' for root.
demo2 login:  
